// Jest Snapshot v1, https://goo.gl/fbAQLP

exports[`should replace any defined fragments in a query 1`] = `
"
        {
            test {
                ...fragmentName
            }
        }
    

        fragment fragmentName on Test {
            name
        }
    "
`;
